// Jest Snapshot v1, https://goo.gl/fbAQLP

exports[`Storyshots Atoms/Textarea Default 1`] = `
<div
  style={
    Object {
      "alignContent": "flex-start",
      "display": "flex",
      "flexDirection": "column",
      "flexWrap": "wrap",
      "gap": "10px 30px",
      "height": "100%",
      "justifyContent": "flex-start",
      "maxHeight": "auto",
    }
  }
>
  <textarea
    className="textarea"
    onChange={[Function]}
    placeholder="Country speed seat newfound ah stained Gundabad stinking runt."
    rows={5}
  />
</div>
`;
