// Jest Snapshot v1, https://goo.gl/fbAQLP

exports[`Storyshots Atoms/Link Colors 1`] = `
<div
  style={
    Object {
      "alignContent": "flex-start",
      "display": "flex",
      "flexDirection": "column",
      "flexWrap": "wrap",
      "gap": "10px 30px",
      "height": "100%",
      "justifyContent": "flex-start",
      "maxHeight": "auto",
    }
  }
>
  <a
    className="link color-primary"
  >
    <p
      className="paragraph color-primary size-md weight-semibold is-inline"
    >
      Mouths Muil
    </p>
  </a>
  <a
    className="link color-tertiary"
  >
    <p
      className="paragraph color-tertiary size-md weight-semibold is-inline"
    >
      Mouths Muil
    </p>
  </a>
</div>
`;

exports[`Storyshots Atoms/Link Default 1`] = `
<div
  style={
    Object {
      "alignContent": "flex-start",
      "display": "flex",
      "flexDirection": "column",
      "flexWrap": "wrap",
      "gap": "10px 30px",
      "height": "100%",
      "justifyContent": "flex-start",
      "maxHeight": "auto",
    }
  }
>
  <a
    className="link color-primary"
  >
    <p
      className="paragraph color-primary size-md weight-semibold is-inline"
    >
      Mouths Muil
    </p>
  </a>
</div>
`;

exports[`Storyshots Atoms/Link Sizes 1`] = `
<div
  style={
    Object {
      "alignContent": "flex-start",
      "display": "flex",
      "flexDirection": "column",
      "flexWrap": "wrap",
      "gap": "10px 30px",
      "height": "100%",
      "justifyContent": "flex-start",
      "maxHeight": "auto",
    }
  }
>
  <a
    className="link color-primary"
  >
    <p
      className="paragraph color-primary size-xs weight-semibold is-inline"
    >
      Mouths Muil
    </p>
  </a>
  <a
    className="link color-primary"
  >
    <p
      className="paragraph color-primary size-sm weight-semibold is-inline"
    >
      Mouths Muil
    </p>
  </a>
  <a
    className="link color-primary"
  >
    <p
      className="paragraph color-primary size-md weight-semibold is-inline"
    >
      Mouths Muil
    </p>
  </a>
  <a
    className="link color-primary"
  >
    <p
      className="paragraph color-primary size-lg weight-semibold is-inline"
    >
      Mouths Muil
    </p>
  </a>
</div>
`;
